error: unknown option '-v'
